Microchip MPLAB XC8 Compiler V2.05 ()

Linker command line:

-W-3 --edf=C:\Program Files (x86)\Microchip\xc8\v2.05\pic\dat\en_msgs.txt \
  -cs -h+dist/default/production\BlockZ_RGB.X.production.sym \
  --cmf=dist/default/production\BlockZ_RGB.X.production.cmf -z -Q12F1572 \
  -oC:\Users\JOE\AppData\Local\Temp\s2s0.2 --defsym=__MPLAB_BUILD=1 \
  -Mdist/default/production/BlockZ_RGB.X.production.map -E1 -ver=XC8 \
  --acfsm=1493 -ASTACK=020A6h-020EFh -pstack=STACK -ACODE=00h-07FFh \
  -ASTRCODE=00h-07FFh -ASTRING=00h-0FFhx8 -ACONST=00h-0FFhx8 \
  -AENTRY=00h-0FFhx8 -ACOMMON=070h-07Fh -ABANK0=020h-06Fh -ABANK1=0A0h-0EFh \
  -ABANK2=0120h-016Fh -ABIGRAM=02000h-020EFh \
  -ARAM=020h-06Fh,0A0h-0EFh,0120h-016Fh \
  -AABS1=020h-07Fh,0A0h-0EFh,0120h-016Fh -ASFR0=00h-01Fh -ASFR1=080h-09Fh \
  -ASFR2=0100h-011Fh -ASFR3=0180h-01EFh -ASFR4=0200h-026Fh \
  -ASFR5=0280h-02EFh -ASFR6=0300h-036Fh -ASFR7=0380h-03EFh \
  -ASFR8=0400h-046Fh -ASFR9=0480h-04EFh -ASFR10=0500h-056Fh \
  -ASFR11=0580h-05EFh -ASFR12=0600h-066Fh -ASFR13=0680h-06EFh \
  -ASFR14=0700h-076Fh -ASFR15=0780h-07EFh -ASFR16=0800h-086Fh \
  -ASFR17=0880h-08EFh -ASFR18=0900h-096Fh -ASFR19=0980h-09EFh \
  -ASFR20=0A00h-0A6Fh -ASFR21=0A80h-0AEFh -ASFR22=0B00h-0B6Fh \
  -ASFR23=0B80h-0BEFh -ASFR24=0C00h-0C6Fh -ASFR25=0C80h-0CEFh \
  -ASFR26=0D00h-0D6Fh -ASFR27=0D80h-0DEFh -ASFR28=0E00h-0E6Fh \
  -ASFR29=0E80h-0EEFh -ASFR30=0F00h-0F6Fh -ASFR31=0F80h-0FEFh \
  -preset_vec=00h,intentry=04h,init,end_init -ppowerup=CODE -pcinit=CODE \
  -pfunctab=ENTRY -ACONFIG=08007h-08008h -pconfig=CONFIG -DCONFIG=2 \
  -AIDLOC=08000h-08003h -pidloc=IDLOC -DIDLOC=2 -DCODE=2 -DSTRCODE=2 \
  -DSTRING=2 -DCONST=2 -DENTRY=2 -k C:\Users\JOE\AppData\Local\Temp\s2s0.o \
  dist/default/production\BlockZ_RGB.X.production.o 

Object code version is 3.11

Machine type is 12F1572



                Name                               Link     Load   Length Selector   Space Scale
C:\Users\JOE\AppData\Local\Temp\s2s0.o
                end_init                             BB       BB        1        8       0
                reset_vec                             0        0        1        0       0
                config                             8007     8007        2    1000E       0
dist/default/production\BlockZ_RGB.X.production.o
                cinit                                BC       BC       2F        8       0
                intentry                              4        4       B7        8       0
                text8                               1C2      1C2       82        8       0
                text7                               342      342       32        8       0
                text6                                EB       EB       D7        8       0
                text5                               244      244       72        8       0
                text4                               3A0      3A0       2A        8       0
                text3                               3CA      3CA       28        8       0
                text2                               3F2      3F2       25        8       0
                text1                               2B6      2B6       4A        8       0
                maintext                            374      374       2C        8       0
                cstackBANK0                          20       20       28       20       1
                cstackCOMMON                         70       70        B       70       1
                clrtext                             42D      42D        6        8       0
                inittext                            427      427        6        8       0
                dataBANK2                           120      120        6      120       1
                dataBANK1                            A0       A0       42       A0       1
                bssBANK1                             E8       E8        6       A0       1
                dataBANK0                            60       60        A       20       1
                bssBANK0                             48       48       18       20       1
                bssCOMMON                            7B       7B        1       70       1
                nvBANK1                              E2       E2        6       A0       1
                nvBANK0                              6A       6A        6       20       1
                idataBANK2                          421      421        6        8       0
                idataBANK1                          300      300       42        8       0
                idataBANK0                          417      417        A        8       0

TOTAL           Name                               Link     Load   Length     Space
        CLASS   STACK          

        CLASS   CODE           
                end_init                             BB       BB        1         0
                cinit                                BC       BC       2F         0
                intentry                              4        4       B7         0
                reset_vec                             0        0        1         0
                text8                               1C2      1C2       82         0
                text7                               342      342       32         0
                text6                                EB       EB       D7         0
                text5                               244      244       72         0
                text4                               3A0      3A0       2A         0
                text3                               3CA      3CA       28         0
                text2                               3F2      3F2       25         0
                text1                               2B6      2B6       4A         0
                maintext                            374      374       2C         0
                clrtext                             42D      42D        6         0
                inittext                            427      427        6         0
                idataBANK2                          421      421        6         0
                idataBANK1                          300      300       42         0
                idataBANK0                          417      417        A         0

        CLASS   STRCODE        

        CLASS   STRING         

        CLASS   CONST          

        CLASS   ENTRY          

        CLASS   COMMON         
                cstackCOMMON                         70       70        B         1
                bssCOMMON                            7B       7B        1         1

        CLASS   BANK0          
                cstackBANK0                          20       20       28         1
                dataBANK0                            60       60        A         1
                bssBANK0                             48       48       18         1
                nvBANK0                              6A       6A        6         1

        CLASS   BANK1          
                dataBANK1                            A0       A0       42         1
                bssBANK1                             E8       E8        6         1
                nvBANK1                              E2       E2        6         1

        CLASS   BANK2          
                dataBANK2                           120      120        6         1

        CLASS   BIGRAM         

        CLASS   RAM            

        CLASS   ABS1           
                abs_s1                               7E       7E        2         1

        CLASS   SFR0           

        CLASS   SFR1           

        CLASS   SFR2           

        CLASS   SFR3           

        CLASS   SFR4           

        CLASS   SFR5           

        CLASS   SFR6           

        CLASS   SFR7           

        CLASS   SFR8           

        CLASS   SFR9           

        CLASS   SFR10          

        CLASS   SFR11          

        CLASS   SFR12          

        CLASS   SFR13          

        CLASS   SFR14          

        CLASS   SFR15          

        CLASS   SFR16          

        CLASS   SFR17          

        CLASS   SFR18          

        CLASS   SFR19          

        CLASS   SFR20          

        CLASS   SFR21          

        CLASS   SFR22          

        CLASS   SFR23          

        CLASS   SFR24          

        CLASS   SFR25          

        CLASS   SFR26          

        CLASS   SFR27          

        CLASS   SFR28          

        CLASS   SFR29          

        CLASS   SFR30          

        CLASS   SFR31          

        CLASS   CONFIG         
                config                             8007     8007        2         0

        CLASS   IDLOC          

        CLASS   BANK31         

        CLASS   BANK30         

        CLASS   BANK29         

        CLASS   BANK28         

        CLASS   BANK27         

        CLASS   BANK26         

        CLASS   BANK25         

        CLASS   BANK24         

        CLASS   BANK23         

        CLASS   BANK22         

        CLASS   BANK21         

        CLASS   BANK20         

        CLASS   BANK19         

        CLASS   BANK18         

        CLASS   BANK17         

        CLASS   BANK16         

        CLASS   BANK15         

        CLASS   BANK14         

        CLASS   BANK13         

        CLASS   BANK12         

        CLASS   BANK11         

        CLASS   BANK10         

        CLASS   BANK9          

        CLASS   BANK8          

        CLASS   BANK7          

        CLASS   BANK6          

        CLASS   BANK5          

        CLASS   BANK4          

        CLASS   BANK3          

        CLASS   EEDATA         



SEGMENTS        Name                           Load    Length   Top    Selector   Space  Class     Delta

                reset_vec                      000000  000001  000001         0       0  CODE        2
                intentry                       000004  00042F  000433         8       0  CODE        2
                cstackBANK0                    000020  000050  000070        20       1  BANK0       1
                cstackCOMMON                   000070  00000C  00007C        70       1  COMMON      1
                dataBANK1                      0000A0  00004E  0000EE        A0       1  BANK1       1
                dataBANK2                      000120  000006  000126       120       1  BANK2       1
                config                         008007  000002  008009     1000E       0  CONFIG      2


UNUSED ADDRESS RANGES

        Name                Unused          Largest block    Delta
        BANK1            000EE-000EF               2           1
        BANK2            00126-0016F              4A           1
        BIGRAM           02000-020EF              F0           1
        CODE             00001-00003               3           2
                         00433-007FF             3CD
        COMMON           0007C-0007D               2           1
        CONST            00001-00003               3           2
                         00433-007FF             100
        ENTRY            00001-00003               3           2
                         00433-007FF             100
        IDLOC            08000-08003               4           2
        RAM              000EE-000EF               2           1
                         00126-0016F              4A
        SFR0             00000-0001F              20           1
        SFR1             00080-0009F              20           1
        SFR10            00500-0056F              70           1
        SFR11            00580-005EF              70           1
        SFR12            00600-0066F              70           1
        SFR13            00680-006EF              70           1
        SFR14            00700-0076F              70           1
        SFR15            00780-007EF              70           1
        SFR16            00800-0086F              70           1
        SFR17            00880-008EF              70           1
        SFR18            00900-0096F              70           1
        SFR19            00980-009EF              70           1
        SFR2             00100-0011F              20           1
        SFR20            00A00-00A6F              70           1
        SFR21            00A80-00AEF              70           1
        SFR22            00B00-00B6F              70           1
        SFR23            00B80-00BEF              70           1
        SFR24            00C00-00C6F              70           1
        SFR25            00C80-00CEF              70           1
        SFR26            00D00-00D6F              70           1
        SFR27            00D80-00DEF              70           1
        SFR28            00E00-00E6F              70           1
        SFR29            00E80-00EEF              70           1
        SFR3             00180-001EF              70           1
        SFR30            00F00-00F6F              70           1
        SFR31            00F80-00FEF              70           1
        SFR4             00200-0026F              70           1
        SFR5             00280-002EF              70           1
        SFR6             00300-0036F              70           1
        SFR7             00380-003EF              70           1
        SFR8             00400-0046F              70           1
        SFR9             00480-004EF              70           1
        STACK            020A6-020EF              4A           1
        STRCODE          00001-00003               3           2
                         00433-007FF             3CD
        STRING           00001-00003               3           2
                         00433-007FF             100

                                  Symbol Table

?___aldiv                cstackBANK0  00024
?___lmul                 cstackCOMMON 00072
_ADCON0                  (abs)        0009D
_ADCON0bits              (abs)        0009D
_ADCON1                  (abs)        0009E
_ADRESH                  (abs)        0009C
_ANSELA                  (abs)        0018C
_FVRCON                  (abs)        00117
_INTCON                  (abs)        0000B
_LATA                    (abs)        0010C
_OPTION_REG              (abs)        00095
_OSCCON                  (abs)        00099
_PORTA                   (abs)        0000C
_PWM1CLKCON              (abs)        00D9E
_PWM1CON                 (abs)        00D9B
_PWM1DC                  (abs)        00D93
_PWM1LD                  (abs)        06CFF
_PWM1PH                  (abs)        00D91
_PWM1PR                  (abs)        00D95
_PWM2CLKCON              (abs)        00DAE
_PWM2CON                 (abs)        00DAB
_PWM2DC                  (abs)        00DA3
_PWM2LD                  (abs)        06D7F
_PWM2PH                  (abs)        00DA1
_PWM2PR                  (abs)        00DA5
_PWM3CLKCON              (abs)        00DBE
_PWM3CON                 (abs)        00DBB
_PWM3DC                  (abs)        00DB3
_PWM3LD                  (abs)        06DFF
_PWM3PH                  (abs)        00DB1
_PWM3PR                  (abs)        00DB5
_RA3                     (abs)        00063
_RA4                     (abs)        00064
_RA5                     (abs)        00065
_Sleep                   text5        00244
_TMR0IF                  (abs)        0005A
_TRISA                   (abs)        0008C
_TRISA0                  (abs)        00460
_TRISA1                  (abs)        00461
_TRISA2                  (abs)        00462
_TRISA3                  (abs)        00463
_TRISA4                  (abs)        00464
_TRISA5                  (abs)        00465
_VREGCON                 (abs)        00197
_VddCheck                text3        003CA
_WDTCON                  (abs)        00097
_WPUA3                   (abs)        01063
_WPUA4                   (abs)        01064
__CFG_BOREN$OFF          (abs)        00000
__CFG_CLKOUTEN$OFF       (abs)        00000
__CFG_CP$OFF             (abs)        00000
__CFG_FOSC$INTOSC        (abs)        00000
__CFG_LVP$OFF            (abs)        00000
__CFG_MCLRE$OFF          (abs)        00000
__CFG_PWRTE$OFF          (abs)        00000
__CFG_STVREN$ON          (abs)        00000
__CFG_WDTE$OFF           (abs)        00000
__CFG_WRT$OFF            (abs)        00000
__Habs1                  abs1         00000
__Hbank0                 bank0        00000
__Hbank1                 bank1        00000
__Hbank10                bank10       00000
__Hbank11                bank11       00000
__Hbank12                bank12       00000
__Hbank13                bank13       00000
__Hbank14                bank14       00000
__Hbank15                bank15       00000
__Hbank16                bank16       00000
__Hbank17                bank17       00000
__Hbank18                bank18       00000
__Hbank19                bank19       00000
__Hbank2                 bank2        00000
__Hbank20                bank20       00000
__Hbank21                bank21       00000
__Hbank22                bank22       00000
__Hbank23                bank23       00000
__Hbank24                bank24       00000
__Hbank25                bank25       00000
__Hbank26                bank26       00000
__Hbank27                bank27       00000
__Hbank28                bank28       00000
__Hbank29                bank29       00000
__Hbank3                 bank3        00000
__Hbank30                bank30       00000
__Hbank31                bank31       00000
__Hbank4                 bank4        00000
__Hbank5                 bank5        00000
__Hbank6                 bank6        00000
__Hbank7                 bank7        00000
__Hbank8                 bank8        00000
__Hbank9                 bank9        00000
__Hbigram                bigram       00000
__HbssBANK0              bssBANK0     00000
__HbssBANK1              bssBANK1     00000
__HbssCOMMON             bssCOMMON    00000
__Hcinit                 cinit        000EB
__Hclrtext               clrtext      00000
__Hcode                  code         00000
__Hcommon                common       00000
__Hconfig                config       08009
__HcstackBANK0           cstackBANK0  00000
__HcstackCOMMON          cstackCOMMON 00000
__HdataBANK0             dataBANK0    00000
__HdataBANK1             dataBANK1    00000
__HdataBANK2             dataBANK2    00000
__Heeprom_data           eeprom_data  00000
__Hend_init              end_init     000BC
__Hfunctab               functab      00000
__HidataBANK0            idataBANK0   00000
__HidataBANK1            idataBANK1   00000
__HidataBANK2            idataBANK2   00000
__Hidloc                 idloc        00000
__Hinit                  init         000BB
__Hinittext              inittext     00000
__Hintentry              intentry     000BB
__Hmaintext              maintext     00000
__HnvBANK0               nvBANK0      00000
__HnvBANK1               nvBANK1      00000
__Hpowerup               powerup      00000
__Hram                   ram          00000
__Hreset_vec             reset_vec    00001
__Hsfr0                  sfr0         00000
__Hsfr1                  sfr1         00000
__Hsfr10                 sfr10        00000
__Hsfr11                 sfr11        00000
__Hsfr12                 sfr12        00000
__Hsfr13                 sfr13        00000
__Hsfr14                 sfr14        00000
__Hsfr15                 sfr15        00000
__Hsfr16                 sfr16        00000
__Hsfr17                 sfr17        00000
__Hsfr18                 sfr18        00000
__Hsfr19                 sfr19        00000
__Hsfr2                  sfr2         00000
__Hsfr20                 sfr20        00000
__Hsfr21                 sfr21        00000
__Hsfr22                 sfr22        00000
__Hsfr23                 sfr23        00000
__Hsfr24                 sfr24        00000
__Hsfr25                 sfr25        00000
__Hsfr26                 sfr26        00000
__Hsfr27                 sfr27        00000
__Hsfr28                 sfr28        00000
__Hsfr29                 sfr29        00000
__Hsfr3                  sfr3         00000
__Hsfr30                 sfr30        00000
__Hsfr31                 sfr31        00000
__Hsfr4                  sfr4         00000
__Hsfr5                  sfr5         00000
__Hsfr6                  sfr6         00000
__Hsfr7                  sfr7         00000
__Hsfr8                  sfr8         00000
__Hsfr9                  sfr9         00000
__Hspace_0               (abs)        08009
__Hspace_1               (abs)        00126
__Hspace_2               (abs)        00000
__Hspace_3               (abs)        00000
__Hstack                 stack        00000
__Hstrings               strings      00000
__Htext                  text         00000
__Labs1                  abs1         00000
__Lbank0                 bank0        00000
__Lbank1                 bank1        00000
__Lbank10                bank10       00000
__Lbank11                bank11       00000
__Lbank12                bank12       00000
__Lbank13                bank13       00000
__Lbank14                bank14       00000
__Lbank15                bank15       00000
__Lbank16                bank16       00000
__Lbank17                bank17       00000
__Lbank18                bank18       00000
__Lbank19                bank19       00000
__Lbank2                 bank2        00000
__Lbank20                bank20       00000
__Lbank21                bank21       00000
__Lbank22                bank22       00000
__Lbank23                bank23       00000
__Lbank24                bank24       00000
__Lbank25                bank25       00000
__Lbank26                bank26       00000
__Lbank27                bank27       00000
__Lbank28                bank28       00000
__Lbank29                bank29       00000
__Lbank3                 bank3        00000
__Lbank30                bank30       00000
__Lbank31                bank31       00000
__Lbank4                 bank4        00000
__Lbank5                 bank5        00000
__Lbank6                 bank6        00000
__Lbank7                 bank7        00000
__Lbank8                 bank8        00000
__Lbank9                 bank9        00000
__Lbigram                bigram       00000
__LbssBANK0              bssBANK0     00000
__LbssBANK1              bssBANK1     00000
__LbssCOMMON             bssCOMMON    00000
__Lcinit                 cinit        000BC
__Lclrtext               clrtext      00000
__Lcode                  code         00000
__Lcommon                common       00000
__Lconfig                config       08007
__LcstackBANK0           cstackBANK0  00000
__LcstackCOMMON          cstackCOMMON 00000
__LdataBANK0             dataBANK0    00000
__LdataBANK1             dataBANK1    00000
__LdataBANK2             dataBANK2    00000
__Leeprom_data           eeprom_data  00000
__Lend_init              end_init     000BB
__Lfunctab               functab      00000
__LidataBANK0            idataBANK0   00000
__LidataBANK1            idataBANK1   00000
__LidataBANK2            idataBANK2   00000
__Lidloc                 idloc        00000
__Linit                  init         000BB
__Linittext              inittext     00000
__Lintentry              intentry     00004
__Lmaintext              maintext     00000
__LnvBANK0               nvBANK0      00000
__LnvBANK1               nvBANK1      00000
__Lpowerup               powerup      00000
__Lram                   ram          00000
__Lreset_vec             reset_vec    00000
__Lsfr0                  sfr0         00000
__Lsfr1                  sfr1         00000
__Lsfr10                 sfr10        00000
__Lsfr11                 sfr11        00000
__Lsfr12                 sfr12        00000
__Lsfr13                 sfr13        00000
__Lsfr14                 sfr14        00000
__Lsfr15                 sfr15        00000
__Lsfr16                 sfr16        00000
__Lsfr17                 sfr17        00000
__Lsfr18                 sfr18        00000
__Lsfr19                 sfr19        00000
__Lsfr2                  sfr2         00000
__Lsfr20                 sfr20        00000
__Lsfr21                 sfr21        00000
__Lsfr22                 sfr22        00000
__Lsfr23                 sfr23        00000
__Lsfr24                 sfr24        00000
__Lsfr25                 sfr25        00000
__Lsfr26                 sfr26        00000
__Lsfr27                 sfr27        00000
__Lsfr28                 sfr28        00000
__Lsfr29                 sfr29        00000
__Lsfr3                  sfr3         00000
__Lsfr30                 sfr30        00000
__Lsfr31                 sfr31        00000
__Lsfr4                  sfr4         00000
__Lsfr5                  sfr5         00000
__Lsfr6                  sfr6         00000
__Lsfr7                  sfr7         00000
__Lsfr8                  sfr8         00000
__Lsfr9                  sfr9         00000
__Lspace_0               (abs)        00000
__Lspace_1               (abs)        00000
__Lspace_2               (abs)        00000
__Lspace_3               (abs)        00000
__Lstack                 stack        00000
__Lstrings               strings      00000
__Ltext                  text         00000
__S0                     (abs)        08009
__S1                     (abs)        00126
__S2                     (abs)        00000
___aldiv                 text8        001C2
___aldiv@counter         cstackBANK0  0002C
___aldiv@dividend        cstackBANK0  00028
___aldiv@divisor         cstackBANK0  00024
___aldiv@quotient        cstackBANK0  0002E
___aldiv@sign            cstackBANK0  0002D
___int_sp                stack        00000
___latbits               (abs)        00000
___lmul                  text7        00342
___lmul@multiplicand     cstackCOMMON 00076
___lmul@multiplier       cstackCOMMON 00072
___lmul@product          cstackBANK0  00020
___sp                    stack        00000
___stackhi               (abs)        020EF
___stacklo               (abs)        020A6
__end_of_Sleep           text5        002B6
__end_of_VddCheck        text3        003F2
__end_of___aldiv         text8        00244
__end_of___lmul          text7        00374
__end_of__initialization cinit        000E8
__end_of_delay_ms        text4        003CA
__end_of_init_pic        text2        00417
__end_of_init_pwm        text1        00300
__end_of_main            maintext     003A0
__end_of_my_isr          intentry     000BB
__end_of_solidCol        text6        001C2
__initialization         cinit        000BC
__pbssBANK0              bssBANK0     00048
__pbssBANK1              bssBANK1     000E8
__pbssCOMMON             bssCOMMON    0007B
__pcstackBANK0           cstackBANK0  00020
__pcstackCOMMON          cstackCOMMON 00070
__pdataBANK0             dataBANK0    00060
__pdataBANK1             dataBANK1    000A0
__pdataBANK2             dataBANK2    00120
__pidataBANK0            idataBANK0   00417
__pidataBANK1            idataBANK1   00300
__pidataBANK2            idataBANK2   00421
__pintentry              intentry     00004
__pmaintext              maintext     00374
__pnvBANK0               nvBANK0      0006A
__pnvBANK1               nvBANK1      000E2
__ptext1                 text1        002B6
__ptext2                 text2        003F2
__ptext3                 text3        003CA
__ptext4                 text4        003A0
__ptext5                 text5        00244
__ptext6                 text6        000EB
__ptext7                 text7        00342
__ptext8                 text8        001C2
__size_of_Sleep          (abs)        00000
__size_of_VddCheck       (abs)        00000
__size_of___aldiv        (abs)        00000
__size_of___lmul         (abs)        00000
__size_of_delay_ms       (abs)        00000
__size_of_init_pic       (abs)        00000
__size_of_init_pwm       (abs)        00000
__size_of_main           (abs)        00000
__size_of_my_isr         (abs)        00000
__size_of_solidCol       (abs)        00000
_adcVal                  bssBANK0     0004E
_batLow                  bssBANK1     000E8
_black                   bssBANK0     0005A
_blueVal                 nvBANK0      0006A
_callSleep               bssBANK0     0004A
_colourSet               bssBANK0     00058
_delay_ms                text4        003A0
_dummy                   bssBANK1     000EA
_exitLoop                bssCOMMON    0007B
_greenVal                nvBANK0      0006C
_inSleep                 bssBANK0     0004C
_init_pic                text2        003F2
_init_pwm                text1        002B6
_intCount1               bssBANK0     00056
_intCount2               bssBANK0     00054
_lime                    dataBANK1    000C4
_lowPowerReset           dataBANK0    00060
_main                    maintext     00374
_my_isr                  intentry     00004
_orange                  dataBANK1    000D0
_prevB                   nvBANK1      000E2
_prevG                   nvBANK1      000E4
_prevR                   nvBANK1      000E6
_purple                  dataBANK1    000CA
_red                     dataBANK1    000D6
_redVal                  nvBANK0      0006E
_skipColour              dataBANK0    00064
_sleepCount              bssBANK0     00048
_solidCol                text6        000EB
_sw1Count                dataBANK1    000C0
_sw1Set                  bssBANK0     00052
_sw2Count                bssBANK1     000EC
_sw2Set                  bssBANK0     00050
_swNum                   dataBANK1    000BE
_timerCount              dataBANK0    00062
_white                   dataBANK1    000DC
btemp                    (abs)        0007E
clear_ram0               clrtext      0042D
delay_ms@microseconds    cstackBANK0  00043
end_of_initialization    cinit        000E8
init_ram                 inittext     00427
int$flags                (abs)        0007E
intlevel0                functab      00000
intlevel1                functab      00000
intlevel2                functab      00000
intlevel3                functab      00000
intlevel4                functab      00000
intlevel5                functab      00000
reset_vec                reset_vec    00000
solidCol@B               cstackBANK0  0003C
solidCol@G               cstackBANK0  00038
solidCol@R               cstackBANK0  00034
solidCol@colour          cstackBANK0  00040
start                    init         000BB
start_initialization     cinit        000BC
wtemp0                   (abs)        0007E


FUNCTION INFORMATION:

 *************** function _main *****************
 Defined at:
		line 407 in file "blockzUSB.c"
 Parameters:    Size  Location     Type
		None
 Auto vars:     Size  Location     Type
		None
 Return value:  Size  Location     Type
                  2  247[None  ] int 
 Registers used:
		wreg, fsr1l, fsr1h, status,2, status,0, pclath, cstack
 Tracked objects:
		On entry : 
		On exit  : 
		Unchanged: 
 Data sizes:     COMMON   BANK0   BANK1   BANK2
      Params:         0       0       0       0
      Locals:         0       0       0       0
      Temps:          0       0       0       0
      Totals:         0       0       0       0
Total ram usage:        0 bytes
 Hardware stack levels required when called:    6
 This function calls:
		_VddCheck
		_delay_ms
		_init_pic
		_init_pwm
		_solidCol
 This function is called by:
		Startup code after reset
 This function uses a non-reentrant model


 *************** function _init_pwm *****************
 Defined at:
		line 133 in file "blockzUSB.c"
 Parameters:    Size  Location     Type
		None
 Auto vars:     Size  Location     Type
		None
 Return value:  Size  Location     Type
                  1    wreg      void 
 Registers used:
		wreg, status,2
 Tracked objects:
		On entry : 
		On exit  : 
		Unchanged: 
 Data sizes:     COMMON   BANK0   BANK1   BANK2
      Params:         0       0       0       0
      Locals:         0       0       0       0
      Temps:          0       0       0       0
      Totals:         0       0       0       0
Total ram usage:        0 bytes
 Hardware stack levels used:    1
 Hardware stack levels required when called:    1
 This function calls:
		Nothing
 This function is called by:
		_main
 This function uses a non-reentrant model


 *************** function _init_pic *****************
 Defined at:
		line 101 in file "blockzUSB.c"
 Parameters:    Size  Location     Type
		None
 Auto vars:     Size  Location     Type
		None
 Return value:  Size  Location     Type
                  1    wreg      void 
 Registers used:
		wreg, status,2
 Tracked objects:
		On entry : 
		On exit  : 
		Unchanged: 
 Data sizes:     COMMON   BANK0   BANK1   BANK2
      Params:         0       0       0       0
      Locals:         0       0       0       0
      Temps:          0       0       0       0
      Totals:         0       0       0       0
Total ram usage:        0 bytes
 Hardware stack levels used:    1
 Hardware stack levels required when called:    1
 This function calls:
		Nothing
 This function is called by:
		_main
 This function uses a non-reentrant model


 *************** function _VddCheck *****************
 Defined at:
		line 389 in file "blockzUSB.c"
 Parameters:    Size  Location     Type
		None
 Auto vars:     Size  Location     Type
		None
 Return value:  Size  Location     Type
                  1    wreg      void 
 Registers used:
		wreg, fsr1l, fsr1h, status,2, status,0, pclath, cstack
 Tracked objects:
		On entry : 
		On exit  : 
		Unchanged: 
 Data sizes:     COMMON   BANK0   BANK1   BANK2
      Params:         0       0       0       0
      Locals:         0       0       0       0
      Temps:          0       2       0       0
      Totals:         0       2       0       0
Total ram usage:        2 bytes
 Hardware stack levels used:    1
 Hardware stack levels required when called:    5
 This function calls:
		_Sleep
		_delay_ms
 This function is called by:
		_main
 This function uses a non-reentrant model


 *************** function _delay_ms *****************
 Defined at:
		line 218 in file "blockzUSB.c"
 Parameters:    Size  Location     Type
  microseconds    2   35[BANK0 ] int 
 Auto vars:     Size  Location     Type
		None
 Return value:  Size  Location     Type
                  1    wreg      void 
 Registers used:
		wreg, fsr1l, fsr1h, status,2, status,0, pclath, cstack
 Tracked objects:
		On entry : 
		On exit  : 
		Unchanged: 
 Data sizes:     COMMON   BANK0   BANK1   BANK2
      Params:         0       2       0       0
      Locals:         0       0       0       0
      Temps:          0       1       0       0
      Totals:         0       3       0       0
Total ram usage:        3 bytes
 Hardware stack levels used:    1
 Hardware stack levels required when called:    4
 This function calls:
		_Sleep
 This function is called by:
		_VddCheck
		_main
		_crossFade
 This function uses a non-reentrant model


 *************** function _Sleep *****************
 Defined at:
		line 189 in file "blockzUSB.c"
 Parameters:    Size  Location     Type
		None
 Auto vars:     Size  Location     Type
		None
 Return value:  Size  Location     Type
                  1    wreg      void 
 Registers used:
		wreg, fsr1l, fsr1h, status,2, status,0, pclath, cstack
 Tracked objects:
		On entry : 
		On exit  : 
		Unchanged: 
 Data sizes:     COMMON   BANK0   BANK1   BANK2
      Params:         0       0       0       0
      Locals:         0       0       0       0
      Temps:          0       2       0       0
      Totals:         0       2       0       0
Total ram usage:        2 bytes
 Hardware stack levels used:    1
 Hardware stack levels required when called:    3
 This function calls:
		_solidCol
 This function is called by:
		_delay_ms
		_VddCheck
 This function uses a non-reentrant model


 *************** function _solidCol *****************
 Defined at:
		line 163 in file "blockzUSB.c"
 Parameters:    Size  Location     Type
  colour          1    wreg     PTR int 
		 -> purple(6), lime(6), orange(6), white(6), 
		 -> red(6), black(6), 
 Auto vars:     Size  Location     Type
  colour          1   32[BANK0 ] PTR int 
		 -> purple(6), lime(6), orange(6), white(6), 
		 -> red(6), black(6), 
  B               4   28[BANK0 ] long 
  G               4   24[BANK0 ] long 
  R               4   20[BANK0 ] long 
 Return value:  Size  Location     Type
                  1    wreg      void 
 Registers used:
		wreg, fsr1l, fsr1h, status,2, status,0, pclath, cstack
 Tracked objects:
		On entry : 
		On exit  : 
		Unchanged: 
 Data sizes:     COMMON   BANK0   BANK1   BANK2
      Params:         0       0       0       0
      Locals:         0      13       0       0
      Temps:          0       2       0       0
      Totals:         0      15       0       0
Total ram usage:       15 bytes
 Hardware stack levels used:    1
 Hardware stack levels required when called:    2
 This function calls:
		___aldiv
		___lmul
 This function is called by:
		_Sleep
		_main
 This function uses a non-reentrant model


 *************** function ___lmul *****************
 Defined at:
		line 15 in file "C:\Program Files (x86)\Microchip\xc8\v2.05\pic\sources\c99\common\Umul32.c"
 Parameters:    Size  Location     Type
  multiplier      4    2[COMMON] unsigned long 
  multiplicand    4    6[COMMON] unsigned long 
 Auto vars:     Size  Location     Type
  product         4    0[BANK0 ] unsigned long 
 Return value:  Size  Location     Type
                  4    2[COMMON] unsigned long 
 Registers used:
		wreg, status,2, status,0
 Tracked objects:
		On entry : 
		On exit  : 
		Unchanged: 
 Data sizes:     COMMON   BANK0   BANK1   BANK2
      Params:         8       0       0       0
      Locals:         0       4       0       0
      Temps:          0       0       0       0
      Totals:         8       4       0       0
Total ram usage:       12 bytes
 Hardware stack levels used:    1
 Hardware stack levels required when called:    1
 This function calls:
		Nothing
 This function is called by:
		_solidCol
 This function uses a non-reentrant model


 *************** function ___aldiv *****************
 Defined at:
		line 5 in file "C:\Program Files (x86)\Microchip\xc8\v2.05\pic\sources\c99\common\aldiv.c"
 Parameters:    Size  Location     Type
  divisor         4    4[BANK0 ] long 
  dividend        4    8[BANK0 ] long 
 Auto vars:     Size  Location     Type
  quotient        4   14[BANK0 ] long 
  sign            1   13[BANK0 ] unsigned char 
  counter         1   12[BANK0 ] unsigned char 
 Return value:  Size  Location     Type
                  4    4[BANK0 ] long 
 Registers used:
		wreg, status,2, status,0
 Tracked objects:
		On entry : 
		On exit  : 
		Unchanged: 
 Data sizes:     COMMON   BANK0   BANK1   BANK2
      Params:         0       8       0       0
      Locals:         0       6       0       0
      Temps:          1       0       0       0
      Totals:         1      14       0       0
Total ram usage:       15 bytes
 Hardware stack levels used:    1
 Hardware stack levels required when called:    1
 This function calls:
		Nothing
 This function is called by:
		_solidCol
 This function uses a non-reentrant model


 *************** function _my_isr *****************
 Defined at:
		line 318 in file "blockzUSB.c"
 Parameters:    Size  Location     Type
		None
 Auto vars:     Size  Location     Type
		None
 Return value:  Size  Location     Type
                  1    wreg      void 
 Registers used:
		wreg, status,2, status,0
 Tracked objects:
		On entry : 
		On exit  : 
		Unchanged: 
 Data sizes:     COMMON   BANK0   BANK1   BANK2
      Params:         0       0       0       0
      Locals:         0       0       0       0
      Temps:          2       0       0       0
      Totals:         2       0       0       0
Total ram usage:        2 bytes
 Hardware stack levels used:    1
 This function calls:
		Nothing
 This function is called by:
		Interrupt level 1
 This function uses a non-reentrant model



MODULE INFORMATION

Module		Function		Class		Link	Load	Size
C:\Program Files (x86)\Microchip\xc8\v2.05\pic\sources\c99\common\Umul32.c
		___lmul        		CODE           	0342	0000	51

C:\Program Files (x86)\Microchip\xc8\v2.05\pic\sources\c99\common\Umul32.c estimated size: 51

blockzUSB.c
		_init_pic      		CODE           	03F2	0000	38
		_main          		CODE           	0374	0000	45
		_Sleep         		CODE           	0244	0000	115
		_delay_ms      		CODE           	03A0	0000	43
		_init_pwm      		CODE           	02B6	0000	75
		_VddCheck      		CODE           	03CA	0000	41
		_my_isr        		CODE           	0004	0000	184
		_solidCol      		CODE           	00EB	0000	216

blockzUSB.c estimated size: 757

C:\Program Files (x86)\Microchip\xc8\v2.05\pic\sources\c99\common\aldiv.c
		___aldiv       		CODE           	01C2	0000	131

C:\Program Files (x86)\Microchip\xc8\v2.05\pic\sources\c99\common\aldiv.c estimated size: 131

shared
		__initialization		CODE           	00BC	0000	45

shared estimated size: 45

